package a

import (
	"errors"
	"io/fs"
	"net"
	"os"

	"github.com/tbeati/stacked"
	"testdata/generated"
)

var errTopLevel = generated.ErrGlobal

func multiDeclarations() {
	{
		var (
			err        = stacked.Wrap(os.Chdir("/")) // want "^error returned by os.Chdir is not wrapped with stacked$"
			_, _       = 0, ""
			err1, err2 error
		)
		_, _, _ = err, err1, err2
	}
	{
		var (
			err        = stacked.Wrap(os.Chdir("/"))
			_, _       = 0, ""
			err1, err2 error
		)
		_, _, _ = err, err1, err2
	}

	{
		var (
			_, err     = stacked.Wrap2(os.Open("")) // want "^error returned by os.Open is not wrapped with stacked$"
			_, _       = 0, ""
			err1, err2 error
		)
		_, _, _ = err, err1, err2
	}
	{
		var (
			_, err     = stacked.Wrap2(os.Open(""))
			_, _       = 0, ""
			err1, err2 error
		)
		_, _, _ = err, err1, err2
	}
}

func conditionDeclarations() {
	if err := stacked.Wrap(os.Chdir("/")); err != nil { // want "^error returned by os.Chdir is not wrapped with stacked$"
	}
	if err := stacked.Wrap(os.Chdir("/")); err != nil {
	}

	switch err := stacked.Wrap(os.Chdir("/")); err { // want "^error returned by os.Chdir is not wrapped with stacked$"
	}
	switch err := stacked.Wrap(os.Chdir("/")); err {
	}
}

func complexExpressions() {
	var err error
	_ = err

	var funcStructFieldExpr []struct {
		f func() error
	}
	err = stacked.Wrap(funcStructFieldExpr[0].f()) // want "^error returned by funcStructFieldExpr\\[0\\]\\.f is not wrapped with stacked$"
	err = stacked.Wrap(funcStructFieldExpr[0].f())

	var funcSliceExpr []func() error
	err = stacked.Wrap(funcSliceExpr[0]()) // want "^error returned by funcSliceExpr\\[0\\] is not wrapped with stacked$"
	err = stacked.Wrap(funcSliceExpr[0]())

	var chanStructFieldExpr []struct {
		c chan error
	}
	err = stacked.Wrap(<-chanStructFieldExpr[0].c) // want "^error received from chanStructFieldExpr\\[0\\]\\.c is not wrapped with stacked$"
	err = stacked.Wrap(<-chanStructFieldExpr[0].c)

	var chanSliceExpr []chan error
	err = stacked.Wrap(<-chanSliceExpr[0]) // want "^error received from chanSliceExpr\\[0\\] is not wrapped with stacked$"
	err = stacked.Wrap(<-chanSliceExpr[0])
}

func newError() {
	var err error
	_ = err

	err = stacked.Wrap(new(generated.StructError)) // want "^error returned by new is not wrapped with stacked$"
	err = stacked.Wrap(new(generated.StructError))
}

func typeConversionArg() {
	var err error
	_ = err

	err = error(stacked.Wrap(generated.StructError{})) // want "^generated.StructError literal is not wrapped with stacked$"
}

func localConst() {
	var err net.UnknownNetworkError
	_ = err

	const errMessage = "error"
	err = errMessage // want "^errMessage is not wrapped with stacked$"
}

func variadic(errs ...error) {
}

func variadicFunctionArg() {
	variadic(stacked.Wrap(errors.New(""))) // want "^error returned by errors.New is not wrapped with stacked$"
	variadic(stacked.Wrap(errors.New("")))
}

func alternativeGenDecl() {
	const err = "error"
	type t struct{}
}

func multiErrorDeclarations() {
	var err1, err2 = errors.New("error"), errors.New("error") // want "^assignment to multiple error variables$"
	err3, err4 := errors.New("error"), errors.New("error")    // want "^assignment to multiple error variables$"
	err4, err3, err2, err1 = err1, err2, err3, err4           // want "^assignment to multiple error variables$"
	_, _, _, _ = err1, err2, err3, err4
}

func innerParenthesis() {
	var err error
	_ = err

	err = stacked.Wrap(<-(errChan)) // want "^error received from errChan is not wrapped with stacked$"
	err = stacked.Wrap(<-(errChan))
	err = stacked.Wrap(&(fs.PathError{Path: "error"})) // want "^fs.PathError literal is not wrapped with stacked$"
	err = stacked.Wrap(&(fs.PathError{Path: "error"}))
	err = stacked.Wrap((os.Chdir)("/")) // want "^error returned by os.Chdir is not wrapped with stacked$"
	err = stacked.Wrap((os.Chdir)("/"))
}

func functionLiteral() {
	var err error
	_ = err

	err = func() error {
		return err
	}()
}
